Select-Object : Property "Path" cannot be found.
At line:1 char:158
+ ... se -ErrorAction SilentlyContinue | Select-Object -ExpandProperty Path
+                                        ~~~~~~~~~~~~~~~~~~~~~~~~~~~~~~~~~~
    + CategoryInfo          : InvalidArgument: (Explorer.d.ts:PSObject) [Select-Object], PSArgumentException
    + FullyQualifiedErrorId : ExpandPropertyNotFound,Microsoft.PowerShell.Commands.SelectObjectCommand
 
Select-Object : Property "Path" cannot be found.
At line:1 char:158
+ ... se -ErrorAction SilentlyContinue | Select-Object -ExpandProperty Path
+                                        ~~~~~~~~~~~~~~~~~~~~~~~~~~~~~~~~~~
    + CategoryInfo          : InvalidArgument: (Explorer.d.ts.map:PSObject) [Select-Object], PSArgumentException
    + FullyQualifiedErrorId : ExpandPropertyNotFound,Microsoft.PowerShell.Commands.SelectObjectCommand
 
Select-Object : Property "Path" cannot be found.
At line:1 char:158
+ ... se -ErrorAction SilentlyContinue | Select-Object -ExpandProperty Path
+                                        ~~~~~~~~~~~~~~~~~~~~~~~~~~~~~~~~~~
    + CategoryInfo          : InvalidArgument: (Explorer.js:PSObject) [Select-Object], PSArgumentException
    + FullyQualifiedErrorId : ExpandPropertyNotFound,Microsoft.PowerShell.Commands.SelectObjectCommand
 
Select-Object : Property "Path" cannot be found.
At line:1 char:158
+ ... se -ErrorAction SilentlyContinue | Select-Object -ExpandProperty Path
+                                        ~~~~~~~~~~~~~~~~~~~~~~~~~~~~~~~~~~
    + CategoryInfo          : InvalidArgument: (Explorer.js.map:PSObject) [Select-Object], PSArgumentException
    + FullyQualifiedErrorId : ExpandPropertyNotFound,Microsoft.PowerShell.Commands.SelectObjectCommand
 
Select-Object : Property "Path" cannot be found.
At line:1 char:158
+ ... se -ErrorAction SilentlyContinue | Select-Object -ExpandProperty Path
+                                        ~~~~~~~~~~~~~~~~~~~~~~~~~~~~~~~~~~
    + CategoryInfo          : InvalidArgument: (ExplorerBase.d.ts:PSObject) [Select-Object], PSArgumentException
    + FullyQualifiedErrorId : ExpandPropertyNotFound,Microsoft.PowerShell.Commands.SelectObjectCommand
 
Select-Object : Property "Path" cannot be found.
At line:1 char:158
+ ... se -ErrorAction SilentlyContinue | Select-Object -ExpandProperty Path
+                                        ~~~~~~~~~~~~~~~~~~~~~~~~~~~~~~~~~~
    + CategoryInfo          : InvalidArgument: (ExplorerBase.d.ts.map:PSObject) [Select-Object], PSArgumentException
    + FullyQualifiedErrorId : ExpandPropertyNotFound,Microsoft.PowerShell.Commands.SelectObjectCommand
 
Select-Object : Property "Path" cannot be found.
At line:1 char:158
+ ... se -ErrorAction SilentlyContinue | Select-Object -ExpandProperty Path
+                                        ~~~~~~~~~~~~~~~~~~~~~~~~~~~~~~~~~~
    + CategoryInfo          : InvalidArgument: (ExplorerBase.js:PSObject) [Select-Object], PSArgumentException
    + FullyQualifiedErrorId : ExpandPropertyNotFound,Microsoft.PowerShell.Commands.SelectObjectCommand
 
Select-Object : Property "Path" cannot be found.
At line:1 char:158
+ ... se -ErrorAction SilentlyContinue | Select-Object -ExpandProperty Path
+                                        ~~~~~~~~~~~~~~~~~~~~~~~~~~~~~~~~~~
    + CategoryInfo          : InvalidArgument: (ExplorerBase.js.map:PSObject) [Select-Object], PSArgumentException
    + FullyQualifiedErrorId : ExpandPropertyNotFound,Microsoft.PowerShell.Commands.SelectObjectCommand
 
Select-Object : Property "Path" cannot be found.
At line:1 char:158
+ ... se -ErrorAction SilentlyContinue | Select-Object -ExpandProperty Path
+                                        ~~~~~~~~~~~~~~~~~~~~~~~~~~~~~~~~~~
    + CategoryInfo          : InvalidArgument: (ExplorerSync.d.ts:PSObject) [Select-Object], PSArgumentException
    + FullyQualifiedErrorId : ExpandPropertyNotFound,Microsoft.PowerShell.Commands.SelectObjectCommand
 
Select-Object : Property "Path" cannot be found.
At line:1 char:158
+ ... se -ErrorAction SilentlyContinue | Select-Object -ExpandProperty Path
+                                        ~~~~~~~~~~~~~~~~~~~~~~~~~~~~~~~~~~
    + CategoryInfo          : InvalidArgument: (ExplorerSync.d.ts.map:PSObject) [Select-Object], PSArgumentException
    + FullyQualifiedErrorId : ExpandPropertyNotFound,Microsoft.PowerShell.Commands.SelectObjectCommand
 
Select-Object : Property "Path" cannot be found.
At line:1 char:158
+ ... se -ErrorAction SilentlyContinue | Select-Object -ExpandProperty Path
+                                        ~~~~~~~~~~~~~~~~~~~~~~~~~~~~~~~~~~
    + CategoryInfo          : InvalidArgument: (ExplorerSync.js:PSObject) [Select-Object], PSArgumentException
    + FullyQualifiedErrorId : ExpandPropertyNotFound,Microsoft.PowerShell.Commands.SelectObjectCommand
 
Select-Object : Property "Path" cannot be found.
At line:1 char:158
+ ... se -ErrorAction SilentlyContinue | Select-Object -ExpandProperty Path
+                                        ~~~~~~~~~~~~~~~~~~~~~~~~~~~~~~~~~~
    + CategoryInfo          : InvalidArgument: (ExplorerSync.js.map:PSObject) [Select-Object], PSArgumentException
    + FullyQualifiedErrorId : ExpandPropertyNotFound,Microsoft.PowerShell.Commands.SelectObjectCommand
 
Select-Object : Property "Path" cannot be found.
At line:1 char:158
+ ... se -ErrorAction SilentlyContinue | Select-Object -ExpandProperty Path
+                                        ~~~~~~~~~~~~~~~~~~~~~~~~~~~~~~~~~~
    + CategoryInfo          : InvalidArgument: (Explorer.d.ts:PSObject) [Select-Object], PSArgumentException
    + FullyQualifiedErrorId : ExpandPropertyNotFound,Microsoft.PowerShell.Commands.SelectObjectCommand
 
Select-Object : Property "Path" cannot be found.
At line:1 char:158
+ ... se -ErrorAction SilentlyContinue | Select-Object -ExpandProperty Path
+                                        ~~~~~~~~~~~~~~~~~~~~~~~~~~~~~~~~~~
    + CategoryInfo          : InvalidArgument: (Explorer.d.ts.map:PSObject) [Select-Object], PSArgumentException
    + FullyQualifiedErrorId : ExpandPropertyNotFound,Microsoft.PowerShell.Commands.SelectObjectCommand
 
Select-Object : Property "Path" cannot be found.
At line:1 char:158
+ ... se -ErrorAction SilentlyContinue | Select-Object -ExpandProperty Path
+                                        ~~~~~~~~~~~~~~~~~~~~~~~~~~~~~~~~~~
    + CategoryInfo          : InvalidArgument: (Explorer.js:PSObject) [Select-Object], PSArgumentException
    + FullyQualifiedErrorId : ExpandPropertyNotFound,Microsoft.PowerShell.Commands.SelectObjectCommand
 
Select-Object : Property "Path" cannot be found.
At line:1 char:158
+ ... se -ErrorAction SilentlyContinue | Select-Object -ExpandProperty Path
+                                        ~~~~~~~~~~~~~~~~~~~~~~~~~~~~~~~~~~
    + CategoryInfo          : InvalidArgument: (Explorer.js.map:PSObject) [Select-Object], PSArgumentException
    + FullyQualifiedErrorId : ExpandPropertyNotFound,Microsoft.PowerShell.Commands.SelectObjectCommand
 
Select-Object : Property "Path" cannot be found.
At line:1 char:158
+ ... se -ErrorAction SilentlyContinue | Select-Object -ExpandProperty Path
+                                        ~~~~~~~~~~~~~~~~~~~~~~~~~~~~~~~~~~
    + CategoryInfo          : InvalidArgument: (ExplorerBase.d.ts:PSObject) [Select-Object], PSArgumentException
    + FullyQualifiedErrorId : ExpandPropertyNotFound,Microsoft.PowerShell.Commands.SelectObjectCommand
 
Select-Object : Property "Path" cannot be found.
At line:1 char:158
+ ... se -ErrorAction SilentlyContinue | Select-Object -ExpandProperty Path
+                                        ~~~~~~~~~~~~~~~~~~~~~~~~~~~~~~~~~~
    + CategoryInfo          : InvalidArgument: (ExplorerBase.d.ts.map:PSObject) [Select-Object], PSArgumentException
    + FullyQualifiedErrorId : ExpandPropertyNotFound,Microsoft.PowerShell.Commands.SelectObjectCommand
 
Select-Object : Property "Path" cannot be found.
At line:1 char:158
+ ... se -ErrorAction SilentlyContinue | Select-Object -ExpandProperty Path
+                                        ~~~~~~~~~~~~~~~~~~~~~~~~~~~~~~~~~~
    + CategoryInfo          : InvalidArgument: (ExplorerBase.js:PSObject) [Select-Object], PSArgumentException
    + FullyQualifiedErrorId : ExpandPropertyNotFound,Microsoft.PowerShell.Commands.SelectObjectCommand
 
Select-Object : Property "Path" cannot be found.
At line:1 char:158
+ ... se -ErrorAction SilentlyContinue | Select-Object -ExpandProperty Path
+                                        ~~~~~~~~~~~~~~~~~~~~~~~~~~~~~~~~~~
    + CategoryInfo          : InvalidArgument: (ExplorerBase.js.map:PSObject) [Select-Object], PSArgumentException
    + FullyQualifiedErrorId : ExpandPropertyNotFound,Microsoft.PowerShell.Commands.SelectObjectCommand
 
Select-Object : Property "Path" cannot be found.
At line:1 char:158
+ ... se -ErrorAction SilentlyContinue | Select-Object -ExpandProperty Path
+                                        ~~~~~~~~~~~~~~~~~~~~~~~~~~~~~~~~~~
    + CategoryInfo          : InvalidArgument: (ExplorerSync.d.ts:PSObject) [Select-Object], PSArgumentException
    + FullyQualifiedErrorId : ExpandPropertyNotFound,Microsoft.PowerShell.Commands.SelectObjectCommand
 
Select-Object : Property "Path" cannot be found.
At line:1 char:158
+ ... se -ErrorAction SilentlyContinue | Select-Object -ExpandProperty Path
+                                        ~~~~~~~~~~~~~~~~~~~~~~~~~~~~~~~~~~
    + CategoryInfo          : InvalidArgument: (ExplorerSync.d.ts.map:PSObject) [Select-Object], PSArgumentException
    + FullyQualifiedErrorId : ExpandPropertyNotFound,Microsoft.PowerShell.Commands.SelectObjectCommand
 
Select-Object : Property "Path" cannot be found.
At line:1 char:158
+ ... se -ErrorAction SilentlyContinue | Select-Object -ExpandProperty Path
+                                        ~~~~~~~~~~~~~~~~~~~~~~~~~~~~~~~~~~
    + CategoryInfo          : InvalidArgument: (ExplorerSync.js:PSObject) [Select-Object], PSArgumentException
    + FullyQualifiedErrorId : ExpandPropertyNotFound,Microsoft.PowerShell.Commands.SelectObjectCommand
 
Select-Object : Property "Path" cannot be found.
At line:1 char:158
+ ... se -ErrorAction SilentlyContinue | Select-Object -ExpandProperty Path
+                                        ~~~~~~~~~~~~~~~~~~~~~~~~~~~~~~~~~~
    + CategoryInfo          : InvalidArgument: (ExplorerSync.js.map:PSObject) [Select-Object], PSArgumentException
    + FullyQualifiedErrorId : ExpandPropertyNotFound,Microsoft.PowerShell.Commands.SelectObjectCommand
 
Select-Object : Property "Path" cannot be found.
At line:1 char:158
+ ... se -ErrorAction SilentlyContinue | Select-Object -ExpandProperty Path
+                                        ~~~~~~~~~~~~~~~~~~~~~~~~~~~~~~~~~~
    + CategoryInfo          : InvalidArgument: (faInternetExplorer.d.ts:PSObject) [Select-Object], PSArgumentException
    + FullyQualifiedErrorId : ExpandPropertyNotFound,Microsoft.PowerShell.Commands.SelectObjectCommand
 
Select-Object : Property "Path" cannot be found.
At line:1 char:158
+ ... se -ErrorAction SilentlyContinue | Select-Object -ExpandProperty Path
+                                        ~~~~~~~~~~~~~~~~~~~~~~~~~~~~~~~~~~
    + CategoryInfo          : InvalidArgument: (faInternetExplorer.js:PSObject) [Select-Object], PSArgumentException
    + FullyQualifiedErrorId : ExpandPropertyNotFound,Microsoft.PowerShell.Commands.SelectObjectCommand
 
Select-Object : Property "Path" cannot be found.
At line:1 char:158
+ ... se -ErrorAction SilentlyContinue | Select-Object -ExpandProperty Path
+                                        ~~~~~~~~~~~~~~~~~~~~~~~~~~~~~~~~~~
    + CategoryInfo          : InvalidArgument: (faWpexplorer.d.ts:PSObject) [Select-Object], PSArgumentException
    + FullyQualifiedErrorId : ExpandPropertyNotFound,Microsoft.PowerShell.Commands.SelectObjectCommand
 
Select-Object : Property "Path" cannot be found.
At line:1 char:158
+ ... se -ErrorAction SilentlyContinue | Select-Object -ExpandProperty Path
+                                        ~~~~~~~~~~~~~~~~~~~~~~~~~~~~~~~~~~
    + CategoryInfo          : InvalidArgument: (faWpexplorer.js:PSObject) [Select-Object], PSArgumentException
    + FullyQualifiedErrorId : ExpandPropertyNotFound,Microsoft.PowerShell.Commands.SelectObjectCommand
 
Select-Object : Property "Path" cannot be found.
At line:1 char:158
+ ... se -ErrorAction SilentlyContinue | Select-Object -ExpandProperty Path
+                                        ~~~~~~~~~~~~~~~~~~~~~~~~~~~~~~~~~~
    + CategoryInfo          : InvalidArgument: (Explorer.d.ts:PSObject) [Select-Object], PSArgumentException
    + FullyQualifiedErrorId : ExpandPropertyNotFound,Microsoft.PowerShell.Commands.SelectObjectCommand
 
Select-Object : Property "Path" cannot be found.
At line:1 char:158
+ ... se -ErrorAction SilentlyContinue | Select-Object -ExpandProperty Path
+                                        ~~~~~~~~~~~~~~~~~~~~~~~~~~~~~~~~~~
    + CategoryInfo          : InvalidArgument: (Explorer.d.ts.map:PSObject) [Select-Object], PSArgumentException
    + FullyQualifiedErrorId : ExpandPropertyNotFound,Microsoft.PowerShell.Commands.SelectObjectCommand
 
Select-Object : Property "Path" cannot be found.
At line:1 char:158
+ ... se -ErrorAction SilentlyContinue | Select-Object -ExpandProperty Path
+                                        ~~~~~~~~~~~~~~~~~~~~~~~~~~~~~~~~~~
    + CategoryInfo          : InvalidArgument: (Explorer.js:PSObject) [Select-Object], PSArgumentException
    + FullyQualifiedErrorId : ExpandPropertyNotFound,Microsoft.PowerShell.Commands.SelectObjectCommand
 
Select-Object : Property "Path" cannot be found.
At line:1 char:158
+ ... se -ErrorAction SilentlyContinue | Select-Object -ExpandProperty Path
+                                        ~~~~~~~~~~~~~~~~~~~~~~~~~~~~~~~~~~
    + CategoryInfo          : InvalidArgument: (Explorer.js.map:PSObject) [Select-Object], PSArgumentException
    + FullyQualifiedErrorId : ExpandPropertyNotFound,Microsoft.PowerShell.Commands.SelectObjectCommand
 
Select-Object : Property "Path" cannot be found.
At line:1 char:158
+ ... se -ErrorAction SilentlyContinue | Select-Object -ExpandProperty Path
+                                        ~~~~~~~~~~~~~~~~~~~~~~~~~~~~~~~~~~
    + CategoryInfo          : InvalidArgument: (ExplorerBase.d.ts:PSObject) [Select-Object], PSArgumentException
    + FullyQualifiedErrorId : ExpandPropertyNotFound,Microsoft.PowerShell.Commands.SelectObjectCommand
 
Select-Object : Property "Path" cannot be found.
At line:1 char:158
+ ... se -ErrorAction SilentlyContinue | Select-Object -ExpandProperty Path
+                                        ~~~~~~~~~~~~~~~~~~~~~~~~~~~~~~~~~~
    + CategoryInfo          : InvalidArgument: (ExplorerBase.d.ts.map:PSObject) [Select-Object], PSArgumentException
    + FullyQualifiedErrorId : ExpandPropertyNotFound,Microsoft.PowerShell.Commands.SelectObjectCommand
 
Select-Object : Property "Path" cannot be found.
At line:1 char:158
+ ... se -ErrorAction SilentlyContinue | Select-Object -ExpandProperty Path
+                                        ~~~~~~~~~~~~~~~~~~~~~~~~~~~~~~~~~~
    + CategoryInfo          : InvalidArgument: (ExplorerBase.js:PSObject) [Select-Object], PSArgumentException
    + FullyQualifiedErrorId : ExpandPropertyNotFound,Microsoft.PowerShell.Commands.SelectObjectCommand
 
Select-Object : Property "Path" cannot be found.
At line:1 char:158
+ ... se -ErrorAction SilentlyContinue | Select-Object -ExpandProperty Path
+                                        ~~~~~~~~~~~~~~~~~~~~~~~~~~~~~~~~~~
    + CategoryInfo          : InvalidArgument: (ExplorerBase.js.map:PSObject) [Select-Object], PSArgumentException
    + FullyQualifiedErrorId : ExpandPropertyNotFound,Microsoft.PowerShell.Commands.SelectObjectCommand
 
Select-Object : Property "Path" cannot be found.
At line:1 char:158
+ ... se -ErrorAction SilentlyContinue | Select-Object -ExpandProperty Path
+                                        ~~~~~~~~~~~~~~~~~~~~~~~~~~~~~~~~~~
    + CategoryInfo          : InvalidArgument: (ExplorerSync.d.ts:PSObject) [Select-Object], PSArgumentException
    + FullyQualifiedErrorId : ExpandPropertyNotFound,Microsoft.PowerShell.Commands.SelectObjectCommand
 
Select-Object : Property "Path" cannot be found.
At line:1 char:158
+ ... se -ErrorAction SilentlyContinue | Select-Object -ExpandProperty Path
+                                        ~~~~~~~~~~~~~~~~~~~~~~~~~~~~~~~~~~
    + CategoryInfo          : InvalidArgument: (ExplorerSync.d.ts.map:PSObject) [Select-Object], PSArgumentException
    + FullyQualifiedErrorId : ExpandPropertyNotFound,Microsoft.PowerShell.Commands.SelectObjectCommand
 
Select-Object : Property "Path" cannot be found.
At line:1 char:158
+ ... se -ErrorAction SilentlyContinue | Select-Object -ExpandProperty Path
+                                        ~~~~~~~~~~~~~~~~~~~~~~~~~~~~~~~~~~
    + CategoryInfo          : InvalidArgument: (ExplorerSync.js:PSObject) [Select-Object], PSArgumentException
    + FullyQualifiedErrorId : ExpandPropertyNotFound,Microsoft.PowerShell.Commands.SelectObjectCommand
 
Select-Object : Property "Path" cannot be found.
At line:1 char:158
+ ... se -ErrorAction SilentlyContinue | Select-Object -ExpandProperty Path
+                                        ~~~~~~~~~~~~~~~~~~~~~~~~~~~~~~~~~~
    + CategoryInfo          : InvalidArgument: (ExplorerSync.js.map:PSObject) [Select-Object], PSArgumentException
    + FullyQualifiedErrorId : ExpandPropertyNotFound,Microsoft.PowerShell.Commands.SelectObjectCommand
 
Select-Object : Property "Path" cannot be found.
At line:1 char:158
+ ... se -ErrorAction SilentlyContinue | Select-Object -ExpandProperty Path
+                                        ~~~~~~~~~~~~~~~~~~~~~~~~~~~~~~~~~~
    + CategoryInfo          : InvalidArgument: (Explorer.d.ts:PSObject) [Select-Object], PSArgumentException
    + FullyQualifiedErrorId : ExpandPropertyNotFound,Microsoft.PowerShell.Commands.SelectObjectCommand
 
Select-Object : Property "Path" cannot be found.
At line:1 char:158
+ ... se -ErrorAction SilentlyContinue | Select-Object -ExpandProperty Path
+                                        ~~~~~~~~~~~~~~~~~~~~~~~~~~~~~~~~~~
    + CategoryInfo          : InvalidArgument: (Explorer.d.ts.map:PSObject) [Select-Object], PSArgumentException
    + FullyQualifiedErrorId : ExpandPropertyNotFound,Microsoft.PowerShell.Commands.SelectObjectCommand
 
Select-Object : Property "Path" cannot be found.
At line:1 char:158
+ ... se -ErrorAction SilentlyContinue | Select-Object -ExpandProperty Path
+                                        ~~~~~~~~~~~~~~~~~~~~~~~~~~~~~~~~~~
    + CategoryInfo          : InvalidArgument: (Explorer.js:PSObject) [Select-Object], PSArgumentException
    + FullyQualifiedErrorId : ExpandPropertyNotFound,Microsoft.PowerShell.Commands.SelectObjectCommand
 
Select-Object : Property "Path" cannot be found.
At line:1 char:158
+ ... se -ErrorAction SilentlyContinue | Select-Object -ExpandProperty Path
+                                        ~~~~~~~~~~~~~~~~~~~~~~~~~~~~~~~~~~
    + CategoryInfo          : InvalidArgument: (Explorer.js.map:PSObject) [Select-Object], PSArgumentException
    + FullyQualifiedErrorId : ExpandPropertyNotFound,Microsoft.PowerShell.Commands.SelectObjectCommand
 
Select-Object : Property "Path" cannot be found.
At line:1 char:158
+ ... se -ErrorAction SilentlyContinue | Select-Object -ExpandProperty Path
+                                        ~~~~~~~~~~~~~~~~~~~~~~~~~~~~~~~~~~
    + CategoryInfo          : InvalidArgument: (ExplorerBase.d.ts:PSObject) [Select-Object], PSArgumentException
    + FullyQualifiedErrorId : ExpandPropertyNotFound,Microsoft.PowerShell.Commands.SelectObjectCommand
 
Select-Object : Property "Path" cannot be found.
At line:1 char:158
+ ... se -ErrorAction SilentlyContinue | Select-Object -ExpandProperty Path
+                                        ~~~~~~~~~~~~~~~~~~~~~~~~~~~~~~~~~~
    + CategoryInfo          : InvalidArgument: (ExplorerBase.d.ts.map:PSObject) [Select-Object], PSArgumentException
    + FullyQualifiedErrorId : ExpandPropertyNotFound,Microsoft.PowerShell.Commands.SelectObjectCommand
 
Select-Object : Property "Path" cannot be found.
At line:1 char:158
+ ... se -ErrorAction SilentlyContinue | Select-Object -ExpandProperty Path
+                                        ~~~~~~~~~~~~~~~~~~~~~~~~~~~~~~~~~~
    + CategoryInfo          : InvalidArgument: (ExplorerBase.js:PSObject) [Select-Object], PSArgumentException
    + FullyQualifiedErrorId : ExpandPropertyNotFound,Microsoft.PowerShell.Commands.SelectObjectCommand
 
Select-Object : Property "Path" cannot be found.
At line:1 char:158
+ ... se -ErrorAction SilentlyContinue | Select-Object -ExpandProperty Path
+                                        ~~~~~~~~~~~~~~~~~~~~~~~~~~~~~~~~~~
    + CategoryInfo          : InvalidArgument: (ExplorerBase.js.map:PSObject) [Select-Object], PSArgumentException
    + FullyQualifiedErrorId : ExpandPropertyNotFound,Microsoft.PowerShell.Commands.SelectObjectCommand
 
Select-Object : Property "Path" cannot be found.
At line:1 char:158
+ ... se -ErrorAction SilentlyContinue | Select-Object -ExpandProperty Path
+                                        ~~~~~~~~~~~~~~~~~~~~~~~~~~~~~~~~~~
    + CategoryInfo          : InvalidArgument: (ExplorerSync.d.ts:PSObject) [Select-Object], PSArgumentException
    + FullyQualifiedErrorId : ExpandPropertyNotFound,Microsoft.PowerShell.Commands.SelectObjectCommand
 
Select-Object : Property "Path" cannot be found.
At line:1 char:158
+ ... se -ErrorAction SilentlyContinue | Select-Object -ExpandProperty Path
+                                        ~~~~~~~~~~~~~~~~~~~~~~~~~~~~~~~~~~
    + CategoryInfo          : InvalidArgument: (ExplorerSync.d.ts.map:PSObject) [Select-Object], PSArgumentException
    + FullyQualifiedErrorId : ExpandPropertyNotFound,Microsoft.PowerShell.Commands.SelectObjectCommand
 
Select-Object : Property "Path" cannot be found.
At line:1 char:158
+ ... se -ErrorAction SilentlyContinue | Select-Object -ExpandProperty Path
+                                        ~~~~~~~~~~~~~~~~~~~~~~~~~~~~~~~~~~
    + CategoryInfo          : InvalidArgument: (ExplorerSync.js:PSObject) [Select-Object], PSArgumentException
    + FullyQualifiedErrorId : ExpandPropertyNotFound,Microsoft.PowerShell.Commands.SelectObjectCommand
 
Select-Object : Property "Path" cannot be found.
At line:1 char:158
+ ... se -ErrorAction SilentlyContinue | Select-Object -ExpandProperty Path
+                                        ~~~~~~~~~~~~~~~~~~~~~~~~~~~~~~~~~~
    + CategoryInfo          : InvalidArgument: (ExplorerSync.js.map:PSObject) [Select-Object], PSArgumentException
    + FullyQualifiedErrorId : ExpandPropertyNotFound,Microsoft.PowerShell.Commands.SelectObjectCommand
 
Select-Object : Property "Path" cannot be found.
At line:1 char:158
+ ... se -ErrorAction SilentlyContinue | Select-Object -ExpandProperty Path
+                                        ~~~~~~~~~~~~~~~~~~~~~~~~~~~~~~~~~~
    + CategoryInfo          : InvalidArgument: (faInternetExplorer.d.ts:PSObject) [Select-Object], PSArgumentException
    + FullyQualifiedErrorId : ExpandPropertyNotFound,Microsoft.PowerShell.Commands.SelectObjectCommand
 
Select-Object : Property "Path" cannot be found.
At line:1 char:158
+ ... se -ErrorAction SilentlyContinue | Select-Object -ExpandProperty Path
+                                        ~~~~~~~~~~~~~~~~~~~~~~~~~~~~~~~~~~
    + CategoryInfo          : InvalidArgument: (faInternetExplorer.js:PSObject) [Select-Object], PSArgumentException
    + FullyQualifiedErrorId : ExpandPropertyNotFound,Microsoft.PowerShell.Commands.SelectObjectCommand
 
Select-Object : Property "Path" cannot be found.
At line:1 char:158
+ ... se -ErrorAction SilentlyContinue | Select-Object -ExpandProperty Path
+                                        ~~~~~~~~~~~~~~~~~~~~~~~~~~~~~~~~~~
    + CategoryInfo          : InvalidArgument: (faWpexplorer.d.ts:PSObject) [Select-Object], PSArgumentException
    + FullyQualifiedErrorId : ExpandPropertyNotFound,Microsoft.PowerShell.Commands.SelectObjectCommand
 
Select-Object : Property "Path" cannot be found.
At line:1 char:158
+ ... se -ErrorAction SilentlyContinue | Select-Object -ExpandProperty Path
+                                        ~~~~~~~~~~~~~~~~~~~~~~~~~~~~~~~~~~
    + CategoryInfo          : InvalidArgument: (faWpexplorer.js:PSObject) [Select-Object], PSArgumentException
    + FullyQualifiedErrorId : ExpandPropertyNotFound,Microsoft.PowerShell.Commands.SelectObjectCommand
 
Select-Object : Property "Path" cannot be found.
At line:1 char:158
+ ... se -ErrorAction SilentlyContinue | Select-Object -ExpandProperty Path
+                                        ~~~~~~~~~~~~~~~~~~~~~~~~~~~~~~~~~~
    + CategoryInfo          : InvalidArgument: (Explorer.d.ts:PSObject) [Select-Object], PSArgumentException
    + FullyQualifiedErrorId : ExpandPropertyNotFound,Microsoft.PowerShell.Commands.SelectObjectCommand
 
Select-Object : Property "Path" cannot be found.
At line:1 char:158
+ ... se -ErrorAction SilentlyContinue | Select-Object -ExpandProperty Path
+                                        ~~~~~~~~~~~~~~~~~~~~~~~~~~~~~~~~~~
    + CategoryInfo          : InvalidArgument: (Explorer.d.ts.map:PSObject) [Select-Object], PSArgumentException
    + FullyQualifiedErrorId : ExpandPropertyNotFound,Microsoft.PowerShell.Commands.SelectObjectCommand
 
Select-Object : Property "Path" cannot be found.
At line:1 char:158
+ ... se -ErrorAction SilentlyContinue | Select-Object -ExpandProperty Path
+                                        ~~~~~~~~~~~~~~~~~~~~~~~~~~~~~~~~~~
    + CategoryInfo          : InvalidArgument: (Explorer.js:PSObject) [Select-Object], PSArgumentException
    + FullyQualifiedErrorId : ExpandPropertyNotFound,Microsoft.PowerShell.Commands.SelectObjectCommand
 
Select-Object : Property "Path" cannot be found.
At line:1 char:158
+ ... se -ErrorAction SilentlyContinue | Select-Object -ExpandProperty Path
+                                        ~~~~~~~~~~~~~~~~~~~~~~~~~~~~~~~~~~
    + CategoryInfo          : InvalidArgument: (Explorer.js.map:PSObject) [Select-Object], PSArgumentException
    + FullyQualifiedErrorId : ExpandPropertyNotFound,Microsoft.PowerShell.Commands.SelectObjectCommand
 
Select-Object : Property "Path" cannot be found.
At line:1 char:158
+ ... se -ErrorAction SilentlyContinue | Select-Object -ExpandProperty Path
+                                        ~~~~~~~~~~~~~~~~~~~~~~~~~~~~~~~~~~
    + CategoryInfo          : InvalidArgument: (ExplorerBase.d.ts:PSObject) [Select-Object], PSArgumentException
    + FullyQualifiedErrorId : ExpandPropertyNotFound,Microsoft.PowerShell.Commands.SelectObjectCommand
 
Select-Object : Property "Path" cannot be found.
At line:1 char:158
+ ... se -ErrorAction SilentlyContinue | Select-Object -ExpandProperty Path
+                                        ~~~~~~~~~~~~~~~~~~~~~~~~~~~~~~~~~~
    + CategoryInfo          : InvalidArgument: (ExplorerBase.d.ts.map:PSObject) [Select-Object], PSArgumentException
    + FullyQualifiedErrorId : ExpandPropertyNotFound,Microsoft.PowerShell.Commands.SelectObjectCommand
 
Select-Object : Property "Path" cannot be found.
At line:1 char:158
+ ... se -ErrorAction SilentlyContinue | Select-Object -ExpandProperty Path
+                                        ~~~~~~~~~~~~~~~~~~~~~~~~~~~~~~~~~~
    + CategoryInfo          : InvalidArgument: (ExplorerBase.js:PSObject) [Select-Object], PSArgumentException
    + FullyQualifiedErrorId : ExpandPropertyNotFound,Microsoft.PowerShell.Commands.SelectObjectCommand
 
Select-Object : Property "Path" cannot be found.
At line:1 char:158
+ ... se -ErrorAction SilentlyContinue | Select-Object -ExpandProperty Path
+                                        ~~~~~~~~~~~~~~~~~~~~~~~~~~~~~~~~~~
    + CategoryInfo          : InvalidArgument: (ExplorerBase.js.map:PSObject) [Select-Object], PSArgumentException
    + FullyQualifiedErrorId : ExpandPropertyNotFound,Microsoft.PowerShell.Commands.SelectObjectCommand
 
Select-Object : Property "Path" cannot be found.
At line:1 char:158
+ ... se -ErrorAction SilentlyContinue | Select-Object -ExpandProperty Path
+                                        ~~~~~~~~~~~~~~~~~~~~~~~~~~~~~~~~~~
    + CategoryInfo          : InvalidArgument: (ExplorerSync.d.ts:PSObject) [Select-Object], PSArgumentException
    + FullyQualifiedErrorId : ExpandPropertyNotFound,Microsoft.PowerShell.Commands.SelectObjectCommand
 
Select-Object : Property "Path" cannot be found.
At line:1 char:158
+ ... se -ErrorAction SilentlyContinue | Select-Object -ExpandProperty Path
+                                        ~~~~~~~~~~~~~~~~~~~~~~~~~~~~~~~~~~
    + CategoryInfo          : InvalidArgument: (ExplorerSync.d.ts.map:PSObject) [Select-Object], PSArgumentException
    + FullyQualifiedErrorId : ExpandPropertyNotFound,Microsoft.PowerShell.Commands.SelectObjectCommand
 
Select-Object : Property "Path" cannot be found.
At line:1 char:158
+ ... se -ErrorAction SilentlyContinue | Select-Object -ExpandProperty Path
+                                        ~~~~~~~~~~~~~~~~~~~~~~~~~~~~~~~~~~
    + CategoryInfo          : InvalidArgument: (ExplorerSync.js:PSObject) [Select-Object], PSArgumentException
    + FullyQualifiedErrorId : ExpandPropertyNotFound,Microsoft.PowerShell.Commands.SelectObjectCommand
 
Select-Object : Property "Path" cannot be found.
At line:1 char:158
+ ... se -ErrorAction SilentlyContinue | Select-Object -ExpandProperty Path
+                                        ~~~~~~~~~~~~~~~~~~~~~~~~~~~~~~~~~~
    + CategoryInfo          : InvalidArgument: (ExplorerSync.js.map:PSObject) [Select-Object], PSArgumentException
    + FullyQualifiedErrorId : ExpandPropertyNotFound,Microsoft.PowerShell.Commands.SelectObjectCommand
 
Select-Object : Property "Path" cannot be found.
At line:1 char:158
+ ... se -ErrorAction SilentlyContinue | Select-Object -ExpandProperty Path
+                                        ~~~~~~~~~~~~~~~~~~~~~~~~~~~~~~~~~~
    + CategoryInfo          : InvalidArgument: (Explorer.d.ts:PSObject) [Select-Object], PSArgumentException
    + FullyQualifiedErrorId : ExpandPropertyNotFound,Microsoft.PowerShell.Commands.SelectObjectCommand
 
Select-Object : Property "Path" cannot be found.
At line:1 char:158
+ ... se -ErrorAction SilentlyContinue | Select-Object -ExpandProperty Path
+                                        ~~~~~~~~~~~~~~~~~~~~~~~~~~~~~~~~~~
    + CategoryInfo          : InvalidArgument: (Explorer.d.ts.map:PSObject) [Select-Object], PSArgumentException
    + FullyQualifiedErrorId : ExpandPropertyNotFound,Microsoft.PowerShell.Commands.SelectObjectCommand
 
Select-Object : Property "Path" cannot be found.
At line:1 char:158
+ ... se -ErrorAction SilentlyContinue | Select-Object -ExpandProperty Path
+                                        ~~~~~~~~~~~~~~~~~~~~~~~~~~~~~~~~~~
    + CategoryInfo          : InvalidArgument: (Explorer.js:PSObject) [Select-Object], PSArgumentException
    + FullyQualifiedErrorId : ExpandPropertyNotFound,Microsoft.PowerShell.Commands.SelectObjectCommand
 
Select-Object : Property "Path" cannot be found.
At line:1 char:158
+ ... se -ErrorAction SilentlyContinue | Select-Object -ExpandProperty Path
+                                        ~~~~~~~~~~~~~~~~~~~~~~~~~~~~~~~~~~
    + CategoryInfo          : InvalidArgument: (Explorer.js.map:PSObject) [Select-Object], PSArgumentException
    + FullyQualifiedErrorId : ExpandPropertyNotFound,Microsoft.PowerShell.Commands.SelectObjectCommand
 
Select-Object : Property "Path" cannot be found.
At line:1 char:158
+ ... se -ErrorAction SilentlyContinue | Select-Object -ExpandProperty Path
+                                        ~~~~~~~~~~~~~~~~~~~~~~~~~~~~~~~~~~
    + CategoryInfo          : InvalidArgument: (ExplorerBase.d.ts:PSObject) [Select-Object], PSArgumentException
    + FullyQualifiedErrorId : ExpandPropertyNotFound,Microsoft.PowerShell.Commands.SelectObjectCommand
 
Select-Object : Property "Path" cannot be found.
At line:1 char:158
+ ... se -ErrorAction SilentlyContinue | Select-Object -ExpandProperty Path
+                                        ~~~~~~~~~~~~~~~~~~~~~~~~~~~~~~~~~~
    + CategoryInfo          : InvalidArgument: (ExplorerBase.d.ts.map:PSObject) [Select-Object], PSArgumentException
    + FullyQualifiedErrorId : ExpandPropertyNotFound,Microsoft.PowerShell.Commands.SelectObjectCommand
 
Select-Object : Property "Path" cannot be found.
At line:1 char:158
+ ... se -ErrorAction SilentlyContinue | Select-Object -ExpandProperty Path
+                                        ~~~~~~~~~~~~~~~~~~~~~~~~~~~~~~~~~~
    + CategoryInfo          : InvalidArgument: (ExplorerBase.js:PSObject) [Select-Object], PSArgumentException
    + FullyQualifiedErrorId : ExpandPropertyNotFound,Microsoft.PowerShell.Commands.SelectObjectCommand
 
Select-Object : Property "Path" cannot be found.
At line:1 char:158
+ ... se -ErrorAction SilentlyContinue | Select-Object -ExpandProperty Path
+                                        ~~~~~~~~~~~~~~~~~~~~~~~~~~~~~~~~~~
    + CategoryInfo          : InvalidArgument: (ExplorerBase.js.map:PSObject) [Select-Object], PSArgumentException
    + FullyQualifiedErrorId : ExpandPropertyNotFound,Microsoft.PowerShell.Commands.SelectObjectCommand
 
Select-Object : Property "Path" cannot be found.
At line:1 char:158
+ ... se -ErrorAction SilentlyContinue | Select-Object -ExpandProperty Path
+                                        ~~~~~~~~~~~~~~~~~~~~~~~~~~~~~~~~~~
    + CategoryInfo          : InvalidArgument: (ExplorerSync.d.ts:PSObject) [Select-Object], PSArgumentException
    + FullyQualifiedErrorId : ExpandPropertyNotFound,Microsoft.PowerShell.Commands.SelectObjectCommand
 
Select-Object : Property "Path" cannot be found.
At line:1 char:158
+ ... se -ErrorAction SilentlyContinue | Select-Object -ExpandProperty Path
+                                        ~~~~~~~~~~~~~~~~~~~~~~~~~~~~~~~~~~
    + CategoryInfo          : InvalidArgument: (ExplorerSync.d.ts.map:PSObject) [Select-Object], PSArgumentException
    + FullyQualifiedErrorId : ExpandPropertyNotFound,Microsoft.PowerShell.Commands.SelectObjectCommand
 
Select-Object : Property "Path" cannot be found.
At line:1 char:158
+ ... se -ErrorAction SilentlyContinue | Select-Object -ExpandProperty Path
+                                        ~~~~~~~~~~~~~~~~~~~~~~~~~~~~~~~~~~
    + CategoryInfo          : InvalidArgument: (ExplorerSync.js:PSObject) [Select-Object], PSArgumentException
    + FullyQualifiedErrorId : ExpandPropertyNotFound,Microsoft.PowerShell.Commands.SelectObjectCommand
 
Select-Object : Property "Path" cannot be found.
At line:1 char:158
+ ... se -ErrorAction SilentlyContinue | Select-Object -ExpandProperty Path
+                                        ~~~~~~~~~~~~~~~~~~~~~~~~~~~~~~~~~~
    + CategoryInfo          : InvalidArgument: (ExplorerSync.js.map:PSObject) [Select-Object], PSArgumentException
    + FullyQualifiedErrorId : ExpandPropertyNotFound,Microsoft.PowerShell.Commands.SelectObjectCommand
 
Select-Object : Property "Path" cannot be found.
At line:1 char:158
+ ... se -ErrorAction SilentlyContinue | Select-Object -ExpandProperty Path
+                                        ~~~~~~~~~~~~~~~~~~~~~~~~~~~~~~~~~~
    + CategoryInfo          : InvalidArgument: (Explore.jsx:PSObject) [Select-Object], PSArgumentException
    + FullyQualifiedErrorId : ExpandPropertyNotFound,Microsoft.PowerShell.Commands.SelectObjectCommand
 
