
> my-react-project@0.1.0 build
> react-scripts build

Creating an optimized production build...
Compiled with warnings.

[eslint] 
src\components\Book.jsx
  Line 1:10:  'FontAwesomeIcon' is defined but never used       no-unused-vars
  Line 8:9:   'fullStars' is assigned a value but never used    no-unused-vars
  Line 9:9:   'hasHalfStar' is assigned a value but never used  no-unused-vars

src\components\Explore.jsx
  Line 2:8:  'Logo' is defined but never used  no-unused-vars

Search for the keywords to learn more about each warning.
To ignore, add // eslint-disable-next-line to the line before.

File sizes after gzip:

  102.72 kB  build\static\js\main.7d2a2ead.js
  2.31 kB    build\static\css\main.dc6baa4a.css
  1.77 kB    build\static\js\453.8ded1525.chunk.js

The project was built assuming it is hosted at /.
You can control this with the homepage field in your package.json.

The build folder is ready to be deployed.
You may serve it with a static server:

  npm install -g serve
  serve -s build

Find out more about deployment here:

  https://cra.link/deployment

