
> temp-next-app@0.1.0 build
> next build

▲ Next.js 16.3.1 (Turbopack)
✓ Running next.config.ts took 139ms
Attention: Next.js now collects completely anonymous telemetry regarding usage.
This information is used to shape Next.js' roadmap and prioritize features.
You can learn more, including how to opt-out if you'd not like to participate in this anonymous program, by visiting the following URL:
https://nextjs.org/telemetry


  Creating an optimized production build ...
✓ Compiled successfully in 4.6s
  Running TypeScript ...
  Finished TypeScript in 2.9s ...
  Collecting page data using 7 workers ...
  Generating static pages using 7 workers (0/8) ...
  Generating static pages using 7 workers (2/8) 
  Generating static pages using 7 workers (4/8) 
  Generating static pages using 7 workers (6/8) 
✓ Generating static pages using 7 workers (8/8) in 357ms
  Finalizing page optimization ...

Route (app)
┌ ○ /
├ ○ /_not-found
├ ƒ /book/[id]
├ ○ /choose-plan
├ ○ /for-you
├ ○ /library
├ ƒ /player/[id]
└ ○ /settings


○  (Static)   prerendered as static content
ƒ  (Dynamic)  server-rendered on demand

